// Jest Snapshot v1, https://goo.gl/fbAQLP

exports[`lockAsync Should retain the array order 1`] = `
Array [
  0,
  1,
  2,
  3,
  4,
  5,
  6,
  7,
  8,
  9,
]
`;
