// Jest Snapshot v1, https://goo.gl/fbAQLP

exports[`memoizeWeak Should throw when the argument is a primitive 1`] = `"Invalid value used as weak map key"`;
