// Jest Snapshot v1, https://goo.gl/fbAQLP

exports[`sliceRotate should convert empty correctly 1`] = `""`;

exports[`sliceRotate should convert multicase object correctly 1`] = `"snake_case=val&camelCase=val&Capital=val&ALL_CAPS=val"`;

exports[`sliceRotate should convert non-english object correctly 1`] = `"%D0%BA%D0%BB%D1%8E%D1%87=%D0%B7%D0%BD%D0%B0%D1%87%D0%B5%D0%BD%D0%B8%D0%B5&anahtar=de%C4%9Fer&Schl%C3%BCssel=Werte"`;

exports[`sliceRotate should convert normal object correctly 1`] = `"a=5&b=foo&tr=true&fs=false&trs=true&fss=false&emptystring=&d=2019-11-22T22%3A17%3A17.771Z&ud=undefined"`;

exports[`sliceRotate should convert null correctly 1`] = `""`;

exports[`sliceRotate should convert object with numeric keys correctly 1`] = `"0=zero&11=eleven"`;

exports[`sliceRotate should convert undefined correctly 1`] = `""`;

exports[`sliceRotate should convert weird object correctly 1`] = `"twowords=kaksi+sanaa&with+space=space&%24dlr=val&_us_=underscore"`;
